PS C:\Users\d\temp> java -XX:+UseConcMarkSweepGC -Xms512m -Xmx512m -Xloggc:gc.demo2g.log -XX:+PrintGCDetails -XX:+PrintGCDateStamps GCLogAnalysis
正在执行...
执行结束!共生成对象次数:12248



Java HotSpot(TM) 64-Bit Server VM (25.261-b12) for windows-amd64 JRE (1.8.0_261-b12), built on Jun 18 2020 06:56:32 by "" with unknown MS VC++:1916
Memory: 4k page, physical 16733532k(11944676k free), swap 23549276k(14720364k free)
CommandLine flags: -XX:InitialHeapSize=536870912 -XX:MaxHeapSize=536870912 -XX:MaxNewSize=178958336 -XX:MaxTenuringThreshold=6 -XX:NewSize=178958336 -XX:OldPLABSize=16 -XX:OldSize=357912576 -XX:+PrintGC -XX:+PrintGCDateStamps -XX:+PrintGCDetails -XX:+PrintGCTimeStamps -XX:+UseCompressedClassPointers -XX:+UseCompressedOops -XX:+UseConcMarkSweepGC -XX:-UseLargePagesIndividualAllocation -XX:+UseParNewGC 
2020-10-29T00:50:18.423+0800: 0.177: [GC (Allocation Failure) 2020-10-29T00:50:18.423+0800: 0.177: [ParNew: 139776K->17470K(157248K), 0.0085013 secs] 139776K->51324K(506816K), 0.0087064 secs] [Times: user=0.00 sys=0.00, real=0.00 secs] 
2020-10-29T00:50:18.438+0800: 0.202: [GC (Allocation Failure) 2020-10-29T00:50:18.438+0800: 0.202: [ParNew: 156789K->17472K(157248K), 0.0119928 secs] 190643K->92367K(506816K), 0.0120610 secs] [Times: user=0.02 sys=0.02, real=0.02 secs] 
2020-10-29T00:50:18.470+0800: 0.228: [GC (Allocation Failure) 2020-10-29T00:50:18.470+0800: 0.228: [ParNew: 156779K->17471K(157248K), 0.0268908 secs] 231674K->138292K(506816K), 0.0269548 secs] [Times: user=0.23 sys=0.02, real=0.03 secs] 
2020-10-29T00:50:18.517+0800: 0.271: [GC (Allocation Failure) 2020-10-29T00:50:18.517+0800: 0.271: [ParNew: 157117K->17470K(157248K), 0.0275939 secs] 277937K->187230K(506816K), 0.0276773 secs] [Times: user=0.19 sys=0.05, real=0.03 secs] 
2020-10-29T00:50:18.563+0800: 0.314: [GC (Allocation Failure) 2020-10-29T00:50:18.563+0800: 0.314: [ParNew: 157246K->17471K(157248K), 0.0268189 secs] 327006K->234939K(506816K), 0.0268858 secs] [Times: user=0.09 sys=0.02, real=0.02 secs] 
2020-10-29T00:50:18.579+0800: 0.342: [GC (CMS Initial Mark) [1 CMS-initial-mark: 217468K(349568K)] 235706K(506816K), 0.0001896 secs] [Times: user=0.00 sys=0.00, real=0.00 secs] 
2020-10-29T00:50:18.579+0800: 0.342: [CMS-concurrent-mark-start]
2020-10-29T00:50:18.579+0800: 0.343: [CMS-concurrent-mark: 0.002/0.002 secs] [Times: user=0.00 sys=0.00, real=0.00 secs] 
2020-10-29T00:50:18.579+0800: 0.343: [CMS-concurrent-preclean-start]
2020-10-29T00:50:18.579+0800: 0.344: [CMS-concurrent-preclean: 0.000/0.000 secs] [Times: user=0.00 sys=0.00, real=0.00 secs] 
2020-10-29T00:50:18.579+0800: 0.344: [CMS-concurrent-abortable-preclean-start]
2020-10-29T00:50:18.595+0800: 0.357: [GC (Allocation Failure) 2020-10-29T00:50:18.595+0800: 0.358: [ParNew: 157247K->17470K(157248K), 0.0228828 secs] 374715K->274664K(506816K), 0.0229552 secs] [Times: user=0.20 sys=0.03, real=0.03 secs] 
2020-10-29T00:50:18.641+0800: 0.397: [GC (Allocation Failure) 2020-10-29T00:50:18.641+0800: 0.397: [ParNew: 157246K->17469K(157248K), 0.0244620 secs] 414440K->317442K(506816K), 0.0245279 secs] [Times: user=0.09 sys=0.02, real=0.02 secs] 
2020-10-29T00:50:18.673+0800: 0.438: [GC (Allocation Failure) 2020-10-29T00:50:18.673+0800: 0.438: [ParNew: 157245K->17468K(157248K), 0.0255781 secs] 457218K->362818K(506816K), 0.0256626 secs] [Times: user=0.17 sys=0.03, real=0.03 secs] 
2020-10-29T00:50:18.704+0800: 0.463: [CMS-concurrent-abortable-preclean: 0.002/0.119 secs] [Times: user=0.51 sys=0.08, real=0.13 secs] 
2020-10-29T00:50:18.704+0800: 0.464: [GC (CMS Final Remark) [YG occupancy: 20367 K (157248 K)]2020-10-29T00:50:18.704+0800: 0.464: [Rescan (parallel) , 0.0003574 secs]2020-10-29T00:50:18.704+0800: 0.464: [weak refs processing, 0.0000138 secs]2020-10-29T00:50:18.704+0800: 0.464: [class unloading, 0.0001862 secs]2020-10-29T00:50:18.704+0800: 0.464: [scrub symbol table, 0.0002887 secs]2020-10-29T00:50:18.704+0800: 0.464: [scrub string table, 0.0000955 secs][1 CMS-remark: 345349K(349568K)] 365716K(506816K), 0.0010220 secs] [Times: user=0.00 sys=0.00, real=0.00 secs] 
2020-10-29T00:50:18.704+0800: 0.465: [CMS-concurrent-sweep-start]
2020-10-29T00:50:18.704+0800: 0.465: [CMS-concurrent-sweep: 0.001/0.001 secs] [Times: user=0.00 sys=0.00, real=0.00 secs] 
2020-10-29T00:50:18.704+0800: 0.465: [CMS-concurrent-reset-start]
2020-10-29T00:50:18.704+0800: 0.466: [CMS-concurrent-reset: 0.001/0.001 secs] [Times: user=0.00 sys=0.00, real=0.00 secs] 
2020-10-29T00:50:18.720+0800: 0.479: [GC (Allocation Failure) 2020-10-29T00:50:18.720+0800: 0.479: [ParNew: 157244K->17471K(157248K), 0.0078388 secs] 451166K->359398K(506816K), 0.0079118 secs] [Times: user=0.13 sys=0.00, real=0.01 secs] 
2020-10-29T00:50:18.735+0800: 0.487: [GC (CMS Initial Mark) [1 CMS-initial-mark: 341926K(349568K)] 359898K(506816K), 0.0001362 secs] [Times: user=0.00 sys=0.00, real=0.00 secs] 
2020-10-29T00:50:18.735+0800: 0.488: [CMS-concurrent-mark-start]
2020-10-29T00:50:18.735+0800: 0.489: [CMS-concurrent-mark: 0.001/0.001 secs] [Times: user=0.00 sys=0.00, real=0.00 secs] 
2020-10-29T00:50:18.735+0800: 0.489: [CMS-concurrent-preclean-start]
2020-10-29T00:50:18.735+0800: 0.489: [CMS-concurrent-preclean: 0.000/0.000 secs] [Times: user=0.00 sys=0.00, real=0.00 secs] 
2020-10-29T00:50:18.735+0800: 0.489: [CMS-concurrent-abortable-preclean-start]
2020-10-29T00:50:18.735+0800: 0.489: [CMS-concurrent-abortable-preclean: 0.000/0.000 secs] [Times: user=0.00 sys=0.00, real=0.00 secs] 
2020-10-29T00:50:18.735+0800: 0.489: [GC (CMS Final Remark) [YG occupancy: 37672 K (157248 K)]2020-10-29T00:50:18.735+0800: 0.489: [Rescan (parallel) , 0.0002693 secs]2020-10-29T00:50:18.735+0800: 0.490: [weak refs processing, 0.0000124 secs]2020-10-29T00:50:18.735+0800: 0.490: [class unloading, 0.0001744 secs]2020-10-29T00:50:18.735+0800: 0.490: [scrub symbol table, 0.0002814 secs]2020-10-29T00:50:18.735+0800: 0.490: [scrub string table, 0.0000933 secs][1 CMS-remark: 341926K(349568K)] 379599K(506816K), 0.0009017 secs] [Times: user=0.00 sys=0.00, real=0.00 secs] 
2020-10-29T00:50:18.735+0800: 0.490: [CMS-concurrent-sweep-start]
2020-10-29T00:50:18.735+0800: 0.491: [CMS-concurrent-sweep: 0.001/0.001 secs] [Times: user=0.00 sys=0.00, real=0.00 secs] 
2020-10-29T00:50:18.735+0800: 0.491: [CMS-concurrent-reset-start]
2020-10-29T00:50:18.735+0800: 0.491: [CMS-concurrent-reset: 0.000/0.000 secs] [Times: user=0.00 sys=0.00, real=0.00 secs] 
2020-10-29T00:50:18.751+0800: 0.504: [GC (Allocation Failure) 2020-10-29T00:50:18.751+0800: 0.504: [ParNew: 157247K->17471K(157248K), 0.0076298 secs] 403855K->309046K(506816K), 0.0077007 secs] [Times: user=0.00 sys=0.00, real=0.00 secs] 
2020-10-29T00:50:18.751+0800: 0.512: [GC (CMS Initial Mark) [1 CMS-initial-mark: 291574K(349568K)] 312278K(506816K), 0.0001335 secs] [Times: user=0.00 sys=0.00, real=0.00 secs] 
2020-10-29T00:50:18.751+0800: 0.512: [CMS-concurrent-mark-start]
2020-10-29T00:50:18.751+0800: 0.513: [CMS-concurrent-mark: 0.001/0.001 secs] [Times: user=0.00 sys=0.00, real=0.00 secs] 
2020-10-29T00:50:18.751+0800: 0.513: [CMS-concurrent-preclean-start]
2020-10-29T00:50:18.751+0800: 0.513: [CMS-concurrent-preclean: 0.000/0.000 secs] [Times: user=0.00 sys=0.00, real=0.00 secs] 
2020-10-29T00:50:18.751+0800: 0.513: [CMS-concurrent-abortable-preclean-start]
2020-10-29T00:50:18.766+0800: 0.526: [GC (Allocation Failure) 2020-10-29T00:50:18.766+0800: 0.526: [ParNew: 156810K->17467K(157248K), 0.0073034 secs] 448385K->349947K(506816K), 0.0073747 secs] [Times: user=0.13 sys=0.00, real=0.02 secs] 
2020-10-29T00:50:18.782+0800: 0.533: [CMS-concurrent-abortable-preclean: 0.000/0.020 secs] [Times: user=0.14 sys=0.00, real=0.03 secs] 
2020-10-29T00:50:18.782+0800: 0.534: [GC (CMS Final Remark) [YG occupancy: 20831 K (157248 K)]2020-10-29T00:50:18.782+0800: 0.534: [Rescan (parallel) , 0.0003081 secs]2020-10-29T00:50:18.782+0800: 0.534: [weak refs processing, 0.0000126 secs]2020-10-29T00:50:18.782+0800: 0.534: [class unloading, 0.0001714 secs]2020-10-29T00:50:18.782+0800: 0.534: [scrub symbol table, 0.0002734 secs]2020-10-29T00:50:18.782+0800: 0.534: [scrub string table, 0.0000942 secs][1 CMS-remark: 332480K(349568K)] 353312K(506816K), 0.0009253 secs] [Times: user=0.00 sys=0.00, real=0.00 secs] 
2020-10-29T00:50:18.782+0800: 0.535: [CMS-concurrent-sweep-start]
2020-10-29T00:50:18.782+0800: 0.535: [CMS-concurrent-sweep: 0.001/0.001 secs] [Times: user=0.00 sys=0.00, real=0.00 secs] 
2020-10-29T00:50:18.782+0800: 0.535: [CMS-concurrent-reset-start]
2020-10-29T00:50:18.782+0800: 0.535: [CMS-concurrent-reset: 0.000/0.000 secs] [Times: user=0.00 sys=0.00, real=0.00 secs] 
2020-10-29T00:50:18.798+0800: 0.550: [GC (Allocation Failure) 2020-10-29T00:50:18.798+0800: 0.550: [ParNew: 157243K->17471K(157248K), 0.0075727 secs] 454678K->358085K(506816K), 0.0076537 secs] [Times: user=0.00 sys=0.00, real=0.00 secs] 
2020-10-29T00:50:18.798+0800: 0.558: [GC (CMS Initial Mark) [1 CMS-initial-mark: 340614K(349568K)] 361004K(506816K), 0.0002665 secs] [Times: user=0.00 sys=0.00, real=0.00 secs] 
2020-10-29T00:50:18.798+0800: 0.559: [CMS-concurrent-mark-start]
2020-10-29T00:50:18.798+0800: 0.560: [CMS-concurrent-mark: 0.001/0.001 secs] [Times: user=0.00 sys=0.00, real=0.00 secs] 
2020-10-29T00:50:18.798+0800: 0.560: [CMS-concurrent-preclean-start]
2020-10-29T00:50:18.798+0800: 0.560: [CMS-concurrent-preclean: 0.000/0.000 secs] [Times: user=0.00 sys=0.00, real=0.00 secs] 
2020-10-29T00:50:18.798+0800: 0.560: [CMS-concurrent-abortable-preclean-start]
2020-10-29T00:50:18.798+0800: 0.560: [CMS-concurrent-abortable-preclean: 0.000/0.000 secs] [Times: user=0.00 sys=0.00, real=0.00 secs] 
2020-10-29T00:50:18.798+0800: 0.560: [GC (CMS Final Remark) [YG occupancy: 39625 K (157248 K)]2020-10-29T00:50:18.798+0800: 0.560: [Rescan (parallel) , 0.0004475 secs]2020-10-29T00:50:18.798+0800: 0.561: [weak refs processing, 0.0000120 secs]2020-10-29T00:50:18.798+0800: 0.561: [class unloading, 0.0001717 secs]2020-10-29T00:50:18.798+0800: 0.561: [scrub symbol table, 0.0002652 secs]2020-10-29T00:50:18.798+0800: 0.561: [scrub string table, 0.0000921 secs][1 CMS-remark: 340614K(349568K)] 380240K(506816K), 0.0010559 secs] [Times: user=0.00 sys=0.00, real=0.00 secs] 
2020-10-29T00:50:18.798+0800: 0.562: [CMS-concurrent-sweep-start]
2020-10-29T00:50:18.798+0800: 0.563: [CMS-concurrent-sweep: 0.001/0.001 secs] [Times: user=0.00 sys=0.00, real=0.00 secs] 
2020-10-29T00:50:18.798+0800: 0.563: [CMS-concurrent-reset-start]
2020-10-29T00:50:18.798+0800: 0.563: [CMS-concurrent-reset: 0.000/0.000 secs] [Times: user=0.00 sys=0.00, real=0.00 secs] 
2020-10-29T00:50:18.813+0800: 0.574: [GC (Allocation Failure) 2020-10-29T00:50:18.813+0800: 0.574: [ParNew: 157247K->17463K(157248K), 0.0075799 secs] 430226K->332216K(506816K), 0.0076497 secs] [Times: user=0.13 sys=0.00, real=0.02 secs] 
2020-10-29T00:50:18.829+0800: 0.582: [GC (CMS Initial Mark) [1 CMS-initial-mark: 314753K(349568K)] 335320K(506816K), 0.0002456 secs] [Times: user=0.00 sys=0.00, real=0.00 secs] 
2020-10-29T00:50:18.829+0800: 0.582: [CMS-concurrent-mark-start]
2020-10-29T00:50:18.829+0800: 0.583: [CMS-concurrent-mark: 0.001/0.001 secs] [Times: user=0.00 sys=0.00, real=0.00 secs] 
2020-10-29T00:50:18.829+0800: 0.584: [CMS-concurrent-preclean-start]
2020-10-29T00:50:18.829+0800: 0.584: [CMS-concurrent-preclean: 0.000/0.000 secs] [Times: user=0.00 sys=0.00, real=0.00 secs] 
2020-10-29T00:50:18.829+0800: 0.584: [CMS-concurrent-abortable-preclean-start]
2020-10-29T00:50:18.829+0800: 0.584: [CMS-concurrent-abortable-preclean: 0.000/0.000 secs] [Times: user=0.00 sys=0.00, real=0.00 secs] 
2020-10-29T00:50:18.829+0800: 0.584: [GC (CMS Final Remark) [YG occupancy: 37899 K (157248 K)]2020-10-29T00:50:18.829+0800: 0.584: [Rescan (parallel) , 0.0004635 secs]2020-10-29T00:50:18.829+0800: 0.585: [weak refs processing, 0.0000121 secs]2020-10-29T00:50:18.829+0800: 0.585: [class unloading, 0.0001806 secs]2020-10-29T00:50:18.829+0800: 0.585: [scrub symbol table, 0.0002710 secs]2020-10-29T00:50:18.829+0800: 0.585: [scrub string table, 0.0000880 secs][1 CMS-remark: 314753K(349568K)] 352652K(506816K), 0.0011113 secs] [Times: user=0.00 sys=0.00, real=0.00 secs] 
2020-10-29T00:50:18.829+0800: 0.585: [CMS-concurrent-sweep-start]
2020-10-29T00:50:18.829+0800: 0.586: [CMS-concurrent-sweep: 0.001/0.001 secs] [Times: user=0.00 sys=0.00, real=0.00 secs] 
2020-10-29T00:50:18.829+0800: 0.586: [CMS-concurrent-reset-start]
2020-10-29T00:50:18.829+0800: 0.587: [CMS-concurrent-reset: 0.000/0.000 secs] [Times: user=0.00 sys=0.00, real=0.00 secs] 
2020-10-29T00:50:18.846+0800: 0.598: [GC (Allocation Failure) 2020-10-29T00:50:18.846+0800: 0.598: [ParNew: 157239K->17470K(157248K), 0.0077242 secs] 437903K->341824K(506816K), 0.0077923 secs] [Times: user=0.00 sys=0.00, real=0.00 secs] 
2020-10-29T00:50:18.846+0800: 0.606: [GC (CMS Initial Mark) [1 CMS-initial-mark: 324353K(349568K)] 344768K(506816K), 0.0004546 secs] [Times: user=0.00 sys=0.00, real=0.00 secs] 
2020-10-29T00:50:18.846+0800: 0.607: [CMS-concurrent-mark-start]
2020-10-29T00:50:18.846+0800: 0.608: [CMS-concurrent-mark: 0.001/0.001 secs] [Times: user=0.00 sys=0.00, real=0.00 secs] 
2020-10-29T00:50:18.846+0800: 0.608: [CMS-concurrent-preclean-start]
2020-10-29T00:50:18.846+0800: 0.608: [CMS-concurrent-preclean: 0.000/0.000 secs] [Times: user=0.00 sys=0.00, real=0.00 secs] 
2020-10-29T00:50:18.846+0800: 0.608: [CMS-concurrent-abortable-preclean-start]
2020-10-29T00:50:18.846+0800: 0.608: [CMS-concurrent-abortable-preclean: 0.000/0.000 secs] [Times: user=0.00 sys=0.00, real=0.00 secs] 
2020-10-29T00:50:18.846+0800: 0.608: [GC (CMS Final Remark) [YG occupancy: 36027 K (157248 K)]2020-10-29T00:50:18.846+0800: 0.608: [Rescan (parallel) , 0.0004597 secs]2020-10-29T00:50:18.846+0800: 0.609: [weak refs processing, 0.0000294 secs]2020-10-29T00:50:18.846+0800: 0.609: [class unloading, 0.0002495 secs]2020-10-29T00:50:18.846+0800: 0.609: [scrub symbol table, 0.0002704 secs]2020-10-29T00:50:18.846+0800: 0.610: [scrub string table, 0.0000896 secs][1 CMS-remark: 324353K(349568K)] 360380K(506816K), 0.0011749 secs] [Times: user=0.00 sys=0.00, real=0.00 secs] 
2020-10-29T00:50:18.846+0800: 0.610: [CMS-concurrent-sweep-start]
2020-10-29T00:50:18.846+0800: 0.611: [CMS-concurrent-sweep: 0.001/0.001 secs] [Times: user=0.00 sys=0.00, real=0.00 secs] 
2020-10-29T00:50:18.846+0800: 0.611: [CMS-concurrent-reset-start]
2020-10-29T00:50:18.846+0800: 0.611: [CMS-concurrent-reset: 0.000/0.000 secs] [Times: user=0.00 sys=0.00, real=0.00 secs] 
2020-10-29T00:50:18.862+0800: 0.623: [GC (Allocation Failure) 2020-10-29T00:50:18.862+0800: 0.623: [ParNew: 156916K->17471K(157248K), 0.0074656 secs] 444778K->346336K(506816K), 0.0075326 secs] [Times: user=0.13 sys=0.00, real=0.02 secs] 
2020-10-29T00:50:18.877+0800: 0.631: [GC (CMS Initial Mark) [1 CMS-initial-mark: 328865K(349568K)] 346720K(506816K), 0.0002970 secs] [Times: user=0.00 sys=0.00, real=0.00 secs] 
2020-10-29T00:50:18.877+0800: 0.631: [CMS-concurrent-mark-start]
2020-10-29T00:50:18.877+0800: 0.632: [CMS-concurrent-mark: 0.001/0.001 secs] [Times: user=0.00 sys=0.00, real=0.00 secs] 
2020-10-29T00:50:18.877+0800: 0.632: [CMS-concurrent-preclean-start]
2020-10-29T00:50:18.877+0800: 0.633: [CMS-concurrent-preclean: 0.000/0.000 secs] [Times: user=0.00 sys=0.00, real=0.00 secs] 
2020-10-29T00:50:18.877+0800: 0.633: [CMS-concurrent-abortable-preclean-start]
2020-10-29T00:50:18.877+0800: 0.633: [CMS-concurrent-abortable-preclean: 0.000/0.000 secs] [Times: user=0.00 sys=0.00, real=0.00 secs] 
2020-10-29T00:50:18.877+0800: 0.633: [GC (CMS Final Remark) [YG occupancy: 35234 K (157248 K)]2020-10-29T00:50:18.877+0800: 0.633: [Rescan (parallel) , 0.0004997 secs]2020-10-29T00:50:18.877+0800: 0.633: [weak refs processing, 0.0000107 secs]2020-10-29T00:50:18.877+0800: 0.633: [class unloading, 0.0001702 secs]2020-10-29T00:50:18.877+0800: 0.634: [scrub symbol table, 0.0002724 secs]2020-10-29T00:50:18.877+0800: 0.634: [scrub string table, 0.0000904 secs][1 CMS-remark: 328865K(349568K)] 364100K(506816K), 0.0011219 secs] [Times: user=0.00 sys=0.00, real=0.00 secs] 
2020-10-29T00:50:18.877+0800: 0.634: [CMS-concurrent-sweep-start]
2020-10-29T00:50:18.877+0800: 0.635: [CMS-concurrent-sweep: 0.001/0.001 secs] [Times: user=0.00 sys=0.00, real=0.00 secs] 
2020-10-29T00:50:18.877+0800: 0.635: [CMS-concurrent-reset-start]
2020-10-29T00:50:18.877+0800: 0.635: [CMS-concurrent-reset: 0.000/0.000 secs] [Times: user=0.00 sys=0.00, real=0.00 secs] 
2020-10-29T00:50:18.893+0800: 0.647: [GC (Allocation Failure) 2020-10-29T00:50:18.893+0800: 0.647: [ParNew (promotion failed): 157247K->157247K(157248K), 0.0091084 secs]2020-10-29T00:50:18.893+0800: 0.656: [CMS: 342714K->323915K(349568K), 0.0379637 secs] 455532K->323915K(506816K), [Metaspace: 2707K->2707K(1056768K)], 0.0472392 secs] [Times: user=0.05 sys=0.00, real=0.05 secs] 
2020-10-29T00:50:18.940+0800: 0.694: [GC (CMS Initial Mark) [1 CMS-initial-mark: 323915K(349568K)] 327238K(506816K), 0.0006569 secs] [Times: user=0.00 sys=0.00, real=0.00 secs] 
2020-10-29T00:50:18.940+0800: 0.695: [CMS-concurrent-mark-start]
2020-10-29T00:50:18.940+0800: 0.696: [CMS-concurrent-mark: 0.001/0.001 secs] [Times: user=0.00 sys=0.00, real=0.00 secs] 
2020-10-29T00:50:18.940+0800: 0.696: [CMS-concurrent-preclean-start]
2020-10-29T00:50:18.940+0800: 0.697: [CMS-concurrent-preclean: 0.000/0.000 secs] [Times: user=0.00 sys=0.00, real=0.00 secs] 
2020-10-29T00:50:18.940+0800: 0.697: [CMS-concurrent-abortable-preclean-start]
2020-10-29T00:50:18.956+0800: 0.708: [GC (Allocation Failure) 2020-10-29T00:50:18.956+0800: 0.708: [ParNew: 139694K->139694K(157248K), 0.0000174 secs]2020-10-29T00:50:18.956+0800: 0.708: [CMS2020-10-29T00:50:18.956+0800: 0.708: [CMS-concurrent-abortable-preclean: 0.000/0.012 secs] [Times: user=0.02 sys=0.00, real=0.02 secs] 
 (concurrent mode failure): 323915K->322702K(349568K), 0.0404500 secs] 463609K->322702K(506816K), [Metaspace: 2707K->2707K(1056768K)], 0.0405564 secs] [Times: user=0.03 sys=0.00, real=0.03 secs] 
2020-10-29T00:50:19.002+0800: 0.764: [GC (Allocation Failure) 2020-10-29T00:50:19.002+0800: 0.764: [ParNew (promotion failed): 139776K->157247K(157248K), 0.0061247 secs]2020-10-29T00:50:19.018+0800: 0.770: [CMS: 349390K->325678K(349568K), 0.0369581 secs] 462478K->325678K(506816K), [Metaspace: 2707K->2707K(1056768K)], 0.0431904 secs] [Times: user=0.16 sys=0.00, real=0.05 secs] 
2020-10-29T00:50:19.049+0800: 0.807: [GC (CMS Initial Mark) [1 CMS-initial-mark: 325678K(349568K)] 328698K(506816K), 0.0005177 secs] [Times: user=0.00 sys=0.00, real=0.00 secs] 
2020-10-29T00:50:19.049+0800: 0.808: [CMS-concurrent-mark-start]
2020-10-29T00:50:19.049+0800: 0.809: [CMS-concurrent-mark: 0.001/0.001 secs] [Times: user=0.00 sys=0.00, real=0.00 secs] 
2020-10-29T00:50:19.049+0800: 0.809: [CMS-concurrent-preclean-start]
2020-10-29T00:50:19.049+0800: 0.809: [CMS-concurrent-preclean: 0.000/0.000 secs] [Times: user=0.00 sys=0.00, real=0.00 secs] 
2020-10-29T00:50:19.049+0800: 0.809: [CMS-concurrent-abortable-preclean-start]
2020-10-29T00:50:19.065+0800: 0.825: [GC (Allocation Failure) 2020-10-29T00:50:19.065+0800: 0.825: [ParNew: 139776K->139776K(157248K), 0.0000177 secs]2020-10-29T00:50:19.065+0800: 0.825: [CMS2020-10-29T00:50:19.065+0800: 0.825: [CMS-concurrent-abortable-preclean: 0.000/0.016 secs] [Times: user=0.02 sys=0.00, real=0.02 secs] 
 (concurrent mode failure): 325678K->328929K(349568K), 0.0381756 secs] 465454K->328929K(506816K), [Metaspace: 2707K->2707K(1056768K)], 0.0383123 secs] [Times: user=0.05 sys=0.00, real=0.05 secs] 
2020-10-29T00:50:19.127+0800: 0.879: [GC (Allocation Failure) 2020-10-29T00:50:19.127+0800: 0.879: [ParNew (promotion failed): 139776K->157247K(157248K), 0.0053418 secs]2020-10-29T00:50:19.127+0800: 0.884: [CMS: 349041K->333855K(349568K), 0.0378172 secs] 468705K->333855K(506816K), [Metaspace: 2707K->2707K(1056768K)], 0.0432655 secs] [Times: user=0.03 sys=0.00, real=0.03 secs] 
2020-10-29T00:50:19.159+0800: 0.922: [GC (CMS Initial Mark) [1 CMS-initial-mark: 333855K(349568K)] 337896K(506816K), 0.0008116 secs] [Times: user=0.00 sys=0.00, real=0.00 secs] 
2020-10-29T00:50:19.159+0800: 0.923: [CMS-concurrent-mark-start]
2020-10-29T00:50:19.174+0800: 0.925: [CMS-concurrent-mark: 0.001/0.001 secs] [Times: user=0.05 sys=0.00, real=0.02 secs] 
2020-10-29T00:50:19.174+0800: 0.925: [CMS-concurrent-preclean-start]
2020-10-29T00:50:19.174+0800: 0.925: [CMS-concurrent-preclean: 0.000/0.000 secs] [Times: user=0.00 sys=0.00, real=0.00 secs] 
2020-10-29T00:50:19.174+0800: 0.925: [CMS-concurrent-abortable-preclean-start]
2020-10-29T00:50:19.174+0800: 0.939: [GC (Allocation Failure) 2020-10-29T00:50:19.174+0800: 0.939: [ParNew: 139776K->139776K(157248K), 0.0000195 secs]2020-10-29T00:50:19.174+0800: 0.939: [CMS2020-10-29T00:50:19.174+0800: 0.939: [CMS-concurrent-abortable-preclean: 0.000/0.014 secs] [Times: user=0.00 sys=0.00, real=0.00 secs] 
 (concurrent mode failure): 333855K->339228K(349568K), 0.0422109 secs] 473631K->339228K(506816K), [Metaspace: 2707K->2707K(1056768K)], 0.0423209 secs] [Times: user=0.05 sys=0.00, real=0.05 secs] 
2020-10-29T00:50:19.237+0800: 0.997: [GC (Allocation Failure) 2020-10-29T00:50:19.237+0800: 0.997: [ParNew: 139202K->139202K(157248K), 0.0000173 secs]2020-10-29T00:50:19.237+0800: 0.997: [CMS: 339228K->349446K(349568K), 0.0460951 secs] 478431K->353385K(506816K), [Metaspace: 2707K->2707K(1056768K)], 0.0462008 secs] [Times: user=0.05 sys=0.00, real=0.04 secs] 
2020-10-29T00:50:19.281+0800: 1.044: [GC (CMS Initial Mark) [1 CMS-initial-mark: 349446K(349568K)] 354123K(506816K), 0.0005031 secs] [Times: user=0.00 sys=0.00, real=0.00 secs] 
2020-10-29T00:50:19.281+0800: 1.044: [CMS-concurrent-mark-start]
2020-10-29T00:50:19.281+0800: 1.046: [CMS-concurrent-mark: 0.001/0.001 secs] [Times: user=0.00 sys=0.00, real=0.00 secs] 
2020-10-29T00:50:19.281+0800: 1.046: [CMS-concurrent-preclean-start]
2020-10-29T00:50:19.281+0800: 1.047: [CMS-concurrent-preclean: 0.001/0.001 secs] [Times: user=0.00 sys=0.00, real=0.00 secs] 
2020-10-29T00:50:19.281+0800: 1.047: [CMS-concurrent-abortable-preclean-start]
2020-10-29T00:50:19.281+0800: 1.047: [CMS-concurrent-abortable-preclean: 0.000/0.000 secs] [Times: user=0.00 sys=0.00, real=0.00 secs] 
2020-10-29T00:50:19.297+0800: 1.047: [GC (CMS Final Remark) [YG occupancy: 32883 K (157248 K)]2020-10-29T00:50:19.297+0800: 1.047: [Rescan (parallel) , 0.0006983 secs]2020-10-29T00:50:19.297+0800: 1.048: [weak refs processing, 0.0000236 secs]2020-10-29T00:50:19.297+0800: 1.048: [class unloading, 0.0001627 secs]2020-10-29T00:50:19.297+0800: 1.048: [scrub symbol table, 0.0002500 secs]2020-10-29T00:50:19.297+0800: 1.048: [scrub string table, 0.0000859 secs][1 CMS-remark: 349446K(349568K)] 382329K(506816K), 0.0013691 secs] [Times: user=0.00 sys=0.00, real=0.00 secs] 
2020-10-29T00:50:19.297+0800: 1.048: [CMS-concurrent-sweep-start]
2020-10-29T00:50:19.297+0800: 1.049: [CMS-concurrent-sweep: 0.000/0.000 secs] [Times: user=0.00 sys=0.00, real=0.00 secs] 
2020-10-29T00:50:19.297+0800: 1.049: [CMS-concurrent-reset-start]
2020-10-29T00:50:19.297+0800: 1.049: [CMS-concurrent-reset: 0.000/0.000 secs] [Times: user=0.00 sys=0.00, real=0.00 secs] 
2020-10-29T00:50:19.312+0800: 1.063: [GC (Allocation Failure) 2020-10-29T00:50:19.312+0800: 1.063: [ParNew: 157211K->157211K(157248K), 0.0000172 secs]2020-10-29T00:50:19.312+0800: 1.063: [CMS: 349275K->349255K(349568K), 0.0426288 secs] 506486K->354946K(506816K), [Metaspace: 2707K->2707K(1056768K)], 0.0427466 secs] [Times: user=0.03 sys=0.00, real=0.03 secs] 
2020-10-29T00:50:19.344+0800: 1.106: [GC (CMS Initial Mark) [1 CMS-initial-mark: 349255K(349568K)] 358342K(506816K), 0.0008232 secs] [Times: user=0.00 sys=0.00, real=0.00 secs] 
2020-10-29T00:50:19.344+0800: 1.107: [CMS-concurrent-mark-start]
2020-10-29T00:50:19.344+0800: 1.108: [CMS-concurrent-mark: 0.001/0.001 secs] [Times: user=0.00 sys=0.00, real=0.00 secs] 
2020-10-29T00:50:19.344+0800: 1.109: [CMS-concurrent-preclean-start]
2020-10-29T00:50:19.359+0800: 1.110: [CMS-concurrent-preclean: 0.001/0.001 secs] [Times: user=0.03 sys=0.00, real=0.01 secs] 
2020-10-29T00:50:19.359+0800: 1.110: [CMS-concurrent-abortable-preclean-start]
2020-10-29T00:50:19.359+0800: 1.110: [CMS-concurrent-abortable-preclean: 0.000/0.000 secs] [Times: user=0.00 sys=0.00, real=0.00 secs] 
2020-10-29T00:50:19.359+0800: 1.110: [GC (CMS Final Remark) [YG occupancy: 26982 K (157248 K)]2020-10-29T00:50:19.359+0800: 1.110: [Rescan (parallel) , 0.0005572 secs]2020-10-29T00:50:19.359+0800: 1.111: [weak refs processing, 0.0000142 secs]2020-10-29T00:50:19.359+0800: 1.111: [class unloading, 0.0002387 secs]2020-10-29T00:50:19.359+0800: 1.111: [scrub symbol table, 0.0003614 secs]2020-10-29T00:50:19.359+0800: 1.111: [scrub string table, 0.0001048 secs][1 CMS-remark: 349255K(349568K)] 376238K(506816K), 0.0013863 secs] [Times: user=0.00 sys=0.00, real=0.00 secs] 
2020-10-29T00:50:19.359+0800: 1.112: [CMS-concurrent-sweep-start]
Heap
 par new generation   total 157248K, used 26982K [0x00000000e0000000, 0x00000000eaaa0000, 0x00000000eaaa0000)
  eden space 139776K,  19% used [0x00000000e0000000, 0x00000000e1a599f8, 0x00000000e8880000)
  from space 17472K,   0% used [0x00000000e8880000, 0x00000000e8880000, 0x00000000e9990000)
  to   space 17472K,   0% used [0x00000000e9990000, 0x00000000e9990000, 0x00000000eaaa0000)
 concurrent mark-sweep generation total 349568K, used 349255K [0x00000000eaaa0000, 0x0000000100000000, 0x0000000100000000)
 Metaspace       used 2714K, capacity 4486K, committed 4864K, reserved 1056768K
  class space    used 291K, capacity 386K, committed 512K, reserved 1048576K
