PS C:\Users\d\temp> java -XX:+UseG1GC -Xms2g -Xmx2g -Xloggc:gc.demo.log -XX:+PrintGCDetails -XX:+PrintGCDateStamps GCLogAnalysis
正在执行...
执行结束!共生成对象次数:16957



Java HotSpot(TM) 64-Bit Server VM (25.261-b12) for windows-amd64 JRE (1.8.0_261-b12), built on Jun 18 2020 06:56:32 by "" with unknown MS VC++:1916
Memory: 4k page, physical 16733532k(11569828k free), swap 23549276k(14172176k free)
CommandLine flags: -XX:InitialHeapSize=2147483648 -XX:MaxHeapSize=2147483648 -XX:+PrintGC -XX:+PrintGCDateStamps -XX:+PrintGCDetails -XX:+PrintGCTimeStamps -XX:+UseCompressedClassPointers -XX:+UseCompressedOops -XX:+UseG1GC -XX:-UseLargePagesIndividualAllocation 
2020-10-29T00:27:34.417+0800: 0.223: [GC pause (G1 Evacuation Pause) (young), 0.0076123 secs]
   [Parallel Time: 5.7 ms, GC Workers: 8]
      [GC Worker Start (ms): Min: 223.5, Avg: 223.6, Max: 223.6, Diff: 0.1]
      [Ext Root Scanning (ms): Min: 0.1, Avg: 0.1, Max: 0.2, Diff: 0.2, Sum: 1.0]
      [Update RS (ms): Min: 0.4, Avg: 0.4, Max: 0.4, Diff: 0.1, Sum: 3.2]
         [Processed Buffers: Min: 6, Avg: 6.1, Max: 7, Diff: 1, Sum: 49]
      [Scan RS (ms): Min: 0.0, Avg: 0.0, Max: 0.0, Diff: 0.0, Sum: 0.1]
      [Code Root Scanning (ms): Min: 0.0, Avg: 0.0, Max: 0.0, Diff: 0.0, Sum: 0.0]
      [Object Copy (ms): Min: 4.3, Avg: 4.3, Max: 4.5, Diff: 0.2, Sum: 34.7]
      [Termination (ms): Min: 0.0, Avg: 0.1, Max: 0.2, Diff: 0.2, Sum: 0.9]
         [Termination Attempts: Min: 1, Avg: 1.1, Max: 2, Diff: 1, Sum: 9]
      [GC Worker Other (ms): Min: 0.0, Avg: 0.0, Max: 0.0, Diff: 0.0, Sum: 0.3]
      [GC Worker Total (ms): Min: 5.0, Avg: 5.0, Max: 5.1, Diff: 0.1, Sum: 40.1]
      [GC Worker End (ms): Min: 228.6, Avg: 228.6, Max: 228.6, Diff: 0.0]
   [Code Root Fixup: 0.0 ms]
   [Code Root Purge: 0.0 ms]
   [Clear CT: 0.7 ms]
   [Other: 1.2 ms]
      [Choose CSet: 0.0 ms]
      [Ref Proc: 0.3 ms]
      [Ref Enq: 0.0 ms]
      [Redirty Cards: 0.6 ms]
      [Humongous Register: 0.0 ms]
      [Humongous Reclaim: 0.1 ms]
      [Free CSet: 0.0 ms]
   [Eden: 102.0M(102.0M)->0.0B(89.0M) Survivors: 0.0B->13.0M Heap: 133.3M(2048.0M)->46.0M(2048.0M)]
 [Times: user=0.11 sys=0.00, real=0.02 secs] 
2020-10-29T00:27:34.448+0800: 0.248: [GC pause (G1 Evacuation Pause) (young), 0.0075702 secs]
   [Parallel Time: 5.3 ms, GC Workers: 8]
      [GC Worker Start (ms): Min: 248.5, Avg: 248.6, Max: 248.7, Diff: 0.1]
      [Ext Root Scanning (ms): Min: 0.0, Avg: 0.1, Max: 0.2, Diff: 0.2, Sum: 0.7]
      [Update RS (ms): Min: 0.1, Avg: 0.1, Max: 0.1, Diff: 0.0, Sum: 1.0]
         [Processed Buffers: Min: 2, Avg: 2.0, Max: 2, Diff: 0, Sum: 16]
      [Scan RS (ms): Min: 0.0, Avg: 0.0, Max: 0.0, Diff: 0.0, Sum: 0.1]
      [Code Root Scanning (ms): Min: 0.0, Avg: 0.0, Max: 0.0, Diff: 0.0, Sum: 0.0]
      [Object Copy (ms): Min: 4.5, Avg: 4.7, Max: 4.9, Diff: 0.4, Sum: 37.5]
      [Termination (ms): Min: 0.0, Avg: 0.2, Max: 0.4, Diff: 0.4, Sum: 1.7]
         [Termination Attempts: Min: 1, Avg: 1.0, Max: 1, Diff: 0, Sum: 8]
      [GC Worker Other (ms): Min: 0.0, Avg: 0.0, Max: 0.0, Diff: 0.0, Sum: 0.1]
      [GC Worker Total (ms): Min: 5.1, Avg: 5.1, Max: 5.2, Diff: 0.1, Sum: 41.0]
      [GC Worker End (ms): Min: 253.8, Avg: 253.8, Max: 253.8, Diff: 0.0]
   [Code Root Fixup: 0.0 ms]
   [Code Root Purge: 0.0 ms]
   [Clear CT: 0.6 ms]
   [Other: 1.6 ms]
      [Choose CSet: 0.0 ms]
      [Ref Proc: 0.5 ms]
      [Ref Enq: 0.0 ms]
      [Redirty Cards: 0.8 ms]
      [Humongous Register: 0.0 ms]
      [Humongous Reclaim: 0.0 ms]
      [Free CSet: 0.0 ms]
   [Eden: 89.0M(89.0M)->0.0B(89.0M) Survivors: 13.0M->13.0M Heap: 156.8M(2048.0M)->83.8M(2048.0M)]
 [Times: user=0.00 sys=0.00, real=0.00 secs] 
2020-10-29T00:27:34.464+0800: 0.274: [GC pause (G1 Evacuation Pause) (young), 0.0072564 secs]
   [Parallel Time: 5.4 ms, GC Workers: 8]
      [GC Worker Start (ms): Min: 273.7, Avg: 273.8, Max: 273.9, Diff: 0.2]
      [Ext Root Scanning (ms): Min: 0.0, Avg: 0.1, Max: 0.2, Diff: 0.2, Sum: 0.6]
      [Update RS (ms): Min: 0.1, Avg: 0.1, Max: 0.2, Diff: 0.0, Sum: 1.1]
         [Processed Buffers: Min: 2, Avg: 2.1, Max: 3, Diff: 1, Sum: 17]
      [Scan RS (ms): Min: 0.0, Avg: 0.0, Max: 0.0, Diff: 0.0, Sum: 0.1]
      [Code Root Scanning (ms): Min: 0.0, Avg: 0.0, Max: 0.0, Diff: 0.0, Sum: 0.0]
      [Object Copy (ms): Min: 4.4, Avg: 4.5, Max: 4.6, Diff: 0.3, Sum: 36.0]
      [Termination (ms): Min: 0.0, Avg: 0.1, Max: 0.2, Diff: 0.2, Sum: 1.2]
         [Termination Attempts: Min: 1, Avg: 1.1, Max: 2, Diff: 1, Sum: 9]
      [GC Worker Other (ms): Min: 0.0, Avg: 0.0, Max: 0.0, Diff: 0.0, Sum: 0.1]
      [GC Worker Total (ms): Min: 4.8, Avg: 4.9, Max: 5.0, Diff: 0.2, Sum: 39.2]
      [GC Worker End (ms): Min: 278.7, Avg: 278.7, Max: 278.7, Diff: 0.0]
   [Code Root Fixup: 0.0 ms]
   [Code Root Purge: 0.0 ms]
   [Clear CT: 0.7 ms]
   [Other: 1.2 ms]
      [Choose CSet: 0.0 ms]
      [Ref Proc: 0.5 ms]
      [Ref Enq: 0.0 ms]
      [Redirty Cards: 0.4 ms]
      [Humongous Register: 0.1 ms]
      [Humongous Reclaim: 0.0 ms]
      [Free CSet: 0.0 ms]
   [Eden: 89.0M(89.0M)->0.0B(89.0M) Survivors: 13.0M->13.0M Heap: 196.0M(2048.0M)->119.9M(2048.0M)]
 [Times: user=0.05 sys=0.08, real=0.02 secs] 
2020-10-29T00:27:34.495+0800: 0.300: [GC pause (G1 Evacuation Pause) (young), 0.0076373 secs]
   [Parallel Time: 5.5 ms, GC Workers: 8]
      [GC Worker Start (ms): Min: 300.6, Avg: 300.7, Max: 300.7, Diff: 0.2]
      [Ext Root Scanning (ms): Min: 0.0, Avg: 0.1, Max: 0.2, Diff: 0.2, Sum: 0.6]
      [Update RS (ms): Min: 0.1, Avg: 0.1, Max: 0.2, Diff: 0.2, Sum: 1.0]
         [Processed Buffers: Min: 0, Avg: 1.6, Max: 2, Diff: 2, Sum: 13]
      [Scan RS (ms): Min: 0.0, Avg: 0.0, Max: 0.0, Diff: 0.0, Sum: 0.1]
      [Code Root Scanning (ms): Min: 0.0, Avg: 0.0, Max: 0.0, Diff: 0.0, Sum: 0.0]
      [Object Copy (ms): Min: 4.5, Avg: 4.6, Max: 4.7, Diff: 0.3, Sum: 36.9]
      [Termination (ms): Min: 0.0, Avg: 0.1, Max: 0.2, Diff: 0.2, Sum: 0.7]
         [Termination Attempts: Min: 1, Avg: 1.0, Max: 1, Diff: 0, Sum: 8]
      [GC Worker Other (ms): Min: 0.0, Avg: 0.0, Max: 0.0, Diff: 0.0, Sum: 0.1]
      [GC Worker Total (ms): Min: 4.9, Avg: 4.9, Max: 5.0, Diff: 0.2, Sum: 39.4]
      [GC Worker End (ms): Min: 305.6, Avg: 305.6, Max: 305.6, Diff: 0.0]
   [Code Root Fixup: 0.0 ms]
   [Code Root Purge: 0.0 ms]
   [Clear CT: 0.7 ms]
   [Other: 1.4 ms]
      [Choose CSet: 0.0 ms]
      [Ref Proc: 0.6 ms]
      [Ref Enq: 0.0 ms]
      [Redirty Cards: 0.3 ms]
      [Humongous Register: 0.1 ms]
      [Humongous Reclaim: 0.1 ms]
      [Free CSet: 0.1 ms]
   [Eden: 89.0M(89.0M)->0.0B(92.0M) Survivors: 13.0M->13.0M Heap: 236.5M(2048.0M)->158.4M(2048.0M)]
 [Times: user=0.00 sys=0.02, real=0.02 secs] 
2020-10-29T00:27:34.526+0800: 0.326: [GC pause (G1 Evacuation Pause) (young), 0.0080104 secs]
   [Parallel Time: 5.5 ms, GC Workers: 8]
      [GC Worker Start (ms): Min: 326.1, Avg: 326.2, Max: 326.3, Diff: 0.2]
      [Ext Root Scanning (ms): Min: 0.0, Avg: 0.1, Max: 0.2, Diff: 0.2, Sum: 0.6]
      [Update RS (ms): Min: 0.1, Avg: 0.2, Max: 0.2, Diff: 0.0, Sum: 1.3]
         [Processed Buffers: Min: 0, Avg: 2.4, Max: 3, Diff: 3, Sum: 19]
      [Scan RS (ms): Min: 0.0, Avg: 0.0, Max: 0.0, Diff: 0.0, Sum: 0.1]
      [Code Root Scanning (ms): Min: 0.0, Avg: 0.0, Max: 0.0, Diff: 0.0, Sum: 0.0]
      [Object Copy (ms): Min: 4.4, Avg: 4.5, Max: 4.6, Diff: 0.2, Sum: 35.6]
      [Termination (ms): Min: 0.0, Avg: 0.1, Max: 0.2, Diff: 0.2, Sum: 1.1]
         [Termination Attempts: Min: 1, Avg: 1.0, Max: 1, Diff: 0, Sum: 8]
      [GC Worker Other (ms): Min: 0.0, Avg: 0.0, Max: 0.0, Diff: 0.0, Sum: 0.2]
      [GC Worker Total (ms): Min: 4.8, Avg: 4.9, Max: 5.0, Diff: 0.2, Sum: 38.9]
      [GC Worker End (ms): Min: 331.0, Avg: 331.0, Max: 331.1, Diff: 0.0]
   [Code Root Fixup: 0.0 ms]
   [Code Root Purge: 0.0 ms]
   [Clear CT: 0.9 ms]
   [Other: 1.7 ms]
      [Choose CSet: 0.0 ms]
      [Ref Proc: 0.6 ms]
      [Ref Enq: 0.0 ms]
      [Redirty Cards: 0.6 ms]
      [Humongous Register: 0.1 ms]
      [Humongous Reclaim: 0.1 ms]
      [Free CSet: 0.1 ms]
   [Eden: 92.0M(92.0M)->0.0B(134.0M) Survivors: 13.0M->14.0M Heap: 277.6M(2048.0M)->193.7M(2048.0M)]
 [Times: user=0.00 sys=0.00, real=0.00 secs] 
2020-10-29T00:27:34.573+0800: 0.374: [GC pause (G1 Evacuation Pause) (young), 0.0096421 secs]
   [Parallel Time: 7.5 ms, GC Workers: 8]
      [GC Worker Start (ms): Min: 374.0, Avg: 374.1, Max: 374.1, Diff: 0.1]
      [Ext Root Scanning (ms): Min: 0.0, Avg: 0.1, Max: 0.1, Diff: 0.1, Sum: 0.6]
      [Update RS (ms): Min: 0.0, Avg: 0.1, Max: 0.2, Diff: 0.2, Sum: 1.1]
         [Processed Buffers: Min: 0, Avg: 1.9, Max: 3, Diff: 3, Sum: 15]
      [Scan RS (ms): Min: 0.0, Avg: 0.0, Max: 0.0, Diff: 0.0, Sum: 0.1]
      [Code Root Scanning (ms): Min: 0.0, Avg: 0.0, Max: 0.0, Diff: 0.0, Sum: 0.0]
      [Object Copy (ms): Min: 6.5, Avg: 6.6, Max: 6.7, Diff: 0.2, Sum: 53.1]
      [Termination (ms): Min: 0.0, Avg: 0.1, Max: 0.2, Diff: 0.2, Sum: 0.9]
         [Termination Attempts: Min: 1, Avg: 1.8, Max: 3, Diff: 2, Sum: 14]
      [GC Worker Other (ms): Min: 0.0, Avg: 0.0, Max: 0.0, Diff: 0.0, Sum: 0.2]
      [GC Worker Total (ms): Min: 7.0, Avg: 7.0, Max: 7.1, Diff: 0.1, Sum: 56.0]
      [GC Worker End (ms): Min: 381.1, Avg: 381.1, Max: 381.1, Diff: 0.0]
   [Code Root Fixup: 0.0 ms]
   [Code Root Purge: 0.0 ms]
   [Clear CT: 0.7 ms]
   [Other: 1.4 ms]
      [Choose CSet: 0.0 ms]
      [Ref Proc: 0.3 ms]
      [Ref Enq: 0.0 ms]
      [Redirty Cards: 0.7 ms]
      [Humongous Register: 0.1 ms]
      [Humongous Reclaim: 0.1 ms]
      [Free CSet: 0.1 ms]
   [Eden: 134.0M(134.0M)->0.0B(143.0M) Survivors: 14.0M->19.0M Heap: 359.6M(2048.0M)->236.5M(2048.0M)]
 [Times: user=0.00 sys=0.00, real=0.00 secs] 
2020-10-29T00:27:34.620+0800: 0.422: [GC pause (G1 Evacuation Pause) (young), 0.0099306 secs]
   [Parallel Time: 8.0 ms, GC Workers: 8]
      [GC Worker Start (ms): Min: 421.9, Avg: 421.9, Max: 422.0, Diff: 0.1]
      [Ext Root Scanning (ms): Min: 0.0, Avg: 0.1, Max: 0.1, Diff: 0.1, Sum: 0.6]
      [Update RS (ms): Min: 0.3, Avg: 0.3, Max: 0.4, Diff: 0.2, Sum: 2.7]
         [Processed Buffers: Min: 0, Avg: 3.3, Max: 5, Diff: 5, Sum: 26]
      [Scan RS (ms): Min: 0.0, Avg: 0.0, Max: 0.0, Diff: 0.0, Sum: 0.1]
      [Code Root Scanning (ms): Min: 0.0, Avg: 0.0, Max: 0.0, Diff: 0.0, Sum: 0.0]
      [Object Copy (ms): Min: 7.0, Avg: 7.2, Max: 7.4, Diff: 0.4, Sum: 57.6]
      [Termination (ms): Min: 0.0, Avg: 0.2, Max: 0.4, Diff: 0.4, Sum: 1.8]
         [Termination Attempts: Min: 1, Avg: 1.3, Max: 3, Diff: 2, Sum: 10]
      [GC Worker Other (ms): Min: 0.0, Avg: 0.0, Max: 0.0, Diff: 0.0, Sum: 0.1]
      [GC Worker Total (ms): Min: 7.8, Avg: 7.9, Max: 7.9, Diff: 0.1, Sum: 63.0]
      [GC Worker End (ms): Min: 429.8, Avg: 429.8, Max: 429.8, Diff: 0.0]
   [Code Root Fixup: 0.0 ms]
   [Code Root Purge: 0.0 ms]
   [Clear CT: 0.7 ms]
   [Other: 1.2 ms]
      [Choose CSet: 0.0 ms]
      [Ref Proc: 0.5 ms]
      [Ref Enq: 0.0 ms]
      [Redirty Cards: 0.2 ms]
      [Humongous Register: 0.1 ms]
      [Humongous Reclaim: 0.1 ms]
      [Free CSet: 0.1 ms]
   [Eden: 143.0M(143.0M)->0.0B(216.0M) Survivors: 19.0M->21.0M Heap: 426.9M(2048.0M)->293.8M(2048.0M)]
 [Times: user=0.00 sys=0.00, real=0.00 secs] 
2020-10-29T00:27:34.682+0800: 0.491: [GC pause (G1 Evacuation Pause) (young), 0.0143781 secs]
   [Parallel Time: 12.2 ms, GC Workers: 8]
      [GC Worker Start (ms): Min: 491.1, Avg: 491.2, Max: 491.3, Diff: 0.2]
      [Ext Root Scanning (ms): Min: 0.0, Avg: 0.1, Max: 0.2, Diff: 0.2, Sum: 0.7]
      [Update RS (ms): Min: 0.2, Avg: 0.2, Max: 0.3, Diff: 0.1, Sum: 1.6]
         [Processed Buffers: Min: 0, Avg: 2.8, Max: 4, Diff: 4, Sum: 22]
      [Scan RS (ms): Min: 0.0, Avg: 0.0, Max: 0.0, Diff: 0.0, Sum: 0.2]
      [Code Root Scanning (ms): Min: 0.0, Avg: 0.0, Max: 0.0, Diff: 0.0, Sum: 0.0]
      [Object Copy (ms): Min: 11.1, Avg: 11.2, Max: 11.3, Diff: 0.2, Sum: 89.4]
      [Termination (ms): Min: 0.0, Avg: 0.1, Max: 0.2, Diff: 0.2, Sum: 0.9]
         [Termination Attempts: Min: 1, Avg: 1.8, Max: 3, Diff: 2, Sum: 14]
      [GC Worker Other (ms): Min: 0.0, Avg: 0.0, Max: 0.0, Diff: 0.0, Sum: 0.1]
      [GC Worker Total (ms): Min: 11.5, Avg: 11.6, Max: 11.7, Diff: 0.2, Sum: 92.9]
      [GC Worker End (ms): Min: 502.8, Avg: 502.8, Max: 502.8, Diff: 0.0]
   [Code Root Fixup: 0.0 ms]
   [Code Root Purge: 0.0 ms]
   [Clear CT: 0.6 ms]
   [Other: 1.6 ms]
      [Choose CSet: 0.0 ms]
      [Ref Proc: 0.6 ms]
      [Ref Enq: 0.0 ms]
      [Redirty Cards: 0.6 ms]
      [Humongous Register: 0.1 ms]
      [Humongous Reclaim: 0.1 ms]
      [Free CSet: 0.1 ms]
   [Eden: 216.0M(216.0M)->0.0B(374.0M) Survivors: 21.0M->30.0M Heap: 563.5M(2048.0M)->358.6M(2048.0M)]
 [Times: user=0.05 sys=0.08, real=0.02 secs] 
2020-10-29T00:27:34.823+0800: 0.623: [GC pause (G1 Evacuation Pause) (young), 0.0190016 secs]
   [Parallel Time: 16.2 ms, GC Workers: 8]
      [GC Worker Start (ms): Min: 623.5, Avg: 623.6, Max: 623.7, Diff: 0.2]
      [Ext Root Scanning (ms): Min: 0.0, Avg: 0.1, Max: 0.2, Diff: 0.2, Sum: 0.7]
      [Update RS (ms): Min: 0.1, Avg: 0.2, Max: 0.4, Diff: 0.3, Sum: 1.7]
         [Processed Buffers: Min: 0, Avg: 2.6, Max: 4, Diff: 4, Sum: 21]
      [Scan RS (ms): Min: 0.0, Avg: 0.0, Max: 0.1, Diff: 0.1, Sum: 0.3]
      [Code Root Scanning (ms): Min: 0.0, Avg: 0.0, Max: 0.0, Diff: 0.0, Sum: 0.0]
      [Object Copy (ms): Min: 14.9, Avg: 15.2, Max: 15.5, Diff: 0.5, Sum: 121.7]
      [Termination (ms): Min: 0.0, Avg: 0.2, Max: 0.3, Diff: 0.3, Sum: 1.2]
         [Termination Attempts: Min: 1, Avg: 1.9, Max: 3, Diff: 2, Sum: 15]
      [GC Worker Other (ms): Min: 0.0, Avg: 0.0, Max: 0.0, Diff: 0.0, Sum: 0.2]
      [GC Worker Total (ms): Min: 15.7, Avg: 15.7, Max: 15.8, Diff: 0.2, Sum: 125.8]
      [GC Worker End (ms): Min: 639.4, Avg: 639.4, Max: 639.4, Diff: 0.0]
   [Code Root Fixup: 0.0 ms]
   [Code Root Purge: 0.0 ms]
   [Clear CT: 0.7 ms]
   [Other: 2.0 ms]
      [Choose CSet: 0.0 ms]
      [Ref Proc: 0.6 ms]
      [Ref Enq: 0.0 ms]
      [Redirty Cards: 0.6 ms]
      [Humongous Register: 0.1 ms]
      [Humongous Reclaim: 0.3 ms]
      [Free CSet: 0.2 ms]
   [Eden: 374.0M(374.0M)->0.0B(223.0M) Survivors: 30.0M->51.0M Heap: 829.0M(2048.0M)->451.4M(2048.0M)]
 [Times: user=0.03 sys=0.09, real=0.02 secs] 
2020-10-29T00:27:34.870+0800: 0.681: [GC pause (G1 Evacuation Pause) (young), 0.0122202 secs]
   [Parallel Time: 9.9 ms, GC Workers: 8]
      [GC Worker Start (ms): Min: 681.6, Avg: 681.7, Max: 682.1, Diff: 0.5]
      [Ext Root Scanning (ms): Min: 0.0, Avg: 0.1, Max: 0.1, Diff: 0.1, Sum: 0.6]
      [Update RS (ms): Min: 0.0, Avg: 0.3, Max: 0.6, Diff: 0.6, Sum: 2.1]
         [Processed Buffers: Min: 0, Avg: 3.1, Max: 5, Diff: 5, Sum: 25]
      [Scan RS (ms): Min: 0.0, Avg: 0.0, Max: 0.0, Diff: 0.0, Sum: 0.2]
      [Code Root Scanning (ms): Min: 0.0, Avg: 0.0, Max: 0.0, Diff: 0.0, Sum: 0.0]
      [Object Copy (ms): Min: 8.5, Avg: 8.9, Max: 9.0, Diff: 0.5, Sum: 70.8]
      [Termination (ms): Min: 0.0, Avg: 0.1, Max: 0.2, Diff: 0.2, Sum: 1.2]
         [Termination Attempts: Min: 1, Avg: 1.0, Max: 1, Diff: 0, Sum: 8]
      [GC Worker Other (ms): Min: 0.0, Avg: 0.0, Max: 0.1, Diff: 0.1, Sum: 0.2]
      [GC Worker Total (ms): Min: 9.0, Avg: 9.4, Max: 9.5, Diff: 0.5, Sum: 75.1]
      [GC Worker End (ms): Min: 691.1, Avg: 691.1, Max: 691.1, Diff: 0.0]
   [Code Root Fixup: 0.0 ms]
   [Code Root Purge: 0.0 ms]
   [Clear CT: 0.7 ms]
   [Other: 1.7 ms]
      [Choose CSet: 0.0 ms]
      [Ref Proc: 0.5 ms]
      [Ref Enq: 0.0 ms]
      [Redirty Cards: 0.6 ms]
      [Humongous Register: 0.1 ms]
      [Humongous Reclaim: 0.1 ms]
      [Free CSet: 0.1 ms]
   [Eden: 223.0M(223.0M)->0.0B(456.0M) Survivors: 51.0M->35.0M Heap: 736.8M(2048.0M)->503.6M(2048.0M)]
 [Times: user=0.06 sys=0.05, real=0.02 secs] 
2020-10-29T00:27:34.984+0800: 0.794: [GC pause (G1 Evacuation Pause) (young), 0.0232814 secs]
   [Parallel Time: 20.3 ms, GC Workers: 8]
      [GC Worker Start (ms): Min: 794.2, Avg: 794.3, Max: 794.3, Diff: 0.1]
      [Ext Root Scanning (ms): Min: 0.0, Avg: 0.1, Max: 0.2, Diff: 0.1, Sum: 0.6]
      [Update RS (ms): Min: 0.1, Avg: 0.2, Max: 0.5, Diff: 0.5, Sum: 1.8]
         [Processed Buffers: Min: 0, Avg: 2.5, Max: 3, Diff: 3, Sum: 20]
      [Scan RS (ms): Min: 0.0, Avg: 0.0, Max: 0.1, Diff: 0.1, Sum: 0.4]
      [Code Root Scanning (ms): Min: 0.0, Avg: 0.0, Max: 0.0, Diff: 0.0, Sum: 0.0]
      [Object Copy (ms): Min: 19.3, Avg: 19.5, Max: 19.7, Diff: 0.4, Sum: 156.3]
      [Termination (ms): Min: 0.0, Avg: 0.1, Max: 0.1, Diff: 0.1, Sum: 0.7]
         [Termination Attempts: Min: 1, Avg: 1.8, Max: 3, Diff: 2, Sum: 14]
      [GC Worker Other (ms): Min: 0.0, Avg: 0.0, Max: 0.0, Diff: 0.0, Sum: 0.2]
      [GC Worker Total (ms): Min: 20.0, Avg: 20.0, Max: 20.1, Diff: 0.1, Sum: 160.0]
      [GC Worker End (ms): Min: 814.3, Avg: 814.3, Max: 814.3, Diff: 0.0]
   [Code Root Fixup: 0.0 ms]
   [Code Root Purge: 0.0 ms]
   [Clear CT: 0.7 ms]
   [Other: 2.3 ms]
      [Choose CSet: 0.0 ms]
      [Ref Proc: 0.5 ms]
      [Ref Enq: 0.0 ms]
      [Redirty Cards: 1.0 ms]
      [Humongous Register: 0.2 ms]
      [Humongous Reclaim: 0.2 ms]
      [Free CSet: 0.2 ms]
   [Eden: 456.0M(456.0M)->0.0B(407.0M) Survivors: 35.0M->62.0M Heap: 1074.3M(2048.0M)->622.1M(2048.0M)]
 [Times: user=0.06 sys=0.19, real=0.03 secs] 
2020-10-29T00:27:35.092+0800: 0.890: [GC pause (G1 Evacuation Pause) (young), 0.0185977 secs]
   [Parallel Time: 16.7 ms, GC Workers: 8]
      [GC Worker Start (ms): Min: 890.0, Avg: 890.1, Max: 890.1, Diff: 0.1]
      [Ext Root Scanning (ms): Min: 0.0, Avg: 0.1, Max: 0.1, Diff: 0.1, Sum: 0.6]
      [Update RS (ms): Min: 0.2, Avg: 0.3, Max: 0.9, Diff: 0.7, Sum: 2.2]
         [Processed Buffers: Min: 0, Avg: 2.6, Max: 3, Diff: 3, Sum: 21]
      [Scan RS (ms): Min: 0.0, Avg: 0.1, Max: 0.1, Diff: 0.1, Sum: 0.4]
      [Code Root Scanning (ms): Min: 0.0, Avg: 0.0, Max: 0.0, Diff: 0.0, Sum: 0.0]
      [Object Copy (ms): Min: 15.1, Avg: 15.7, Max: 15.9, Diff: 0.9, Sum: 126.0]
      [Termination (ms): Min: 0.0, Avg: 0.1, Max: 0.2, Diff: 0.2, Sum: 0.8]
         [Termination Attempts: Min: 1, Avg: 1.9, Max: 3, Diff: 2, Sum: 15]
      [GC Worker Other (ms): Min: 0.0, Avg: 0.0, Max: 0.1, Diff: 0.1, Sum: 0.3]
      [GC Worker Total (ms): Min: 16.2, Avg: 16.3, Max: 16.3, Diff: 0.1, Sum: 130.3]
      [GC Worker End (ms): Min: 906.3, Avg: 906.4, Max: 906.4, Diff: 0.1]
   [Code Root Fixup: 0.0 ms]
   [Code Root Purge: 0.0 ms]
   [Clear CT: 0.3 ms]
   [Other: 1.6 ms]
      [Choose CSet: 0.0 ms]
      [Ref Proc: 0.3 ms]
      [Ref Enq: 0.0 ms]
      [Redirty Cards: 0.4 ms]
      [Humongous Register: 0.3 ms]
      [Humongous Reclaim: 0.2 ms]
      [Free CSet: 0.2 ms]
   [Eden: 407.0M(407.0M)->0.0B(464.0M) Survivors: 62.0M->59.0M Heap: 1151.4M(2048.0M)->704.1M(2048.0M)]
 [Times: user=0.03 sys=0.09, real=0.02 secs] 
2020-10-29T00:27:35.186+0800: 0.983: [GC pause (G1 Humongous Allocation) (young) (initial-mark), 0.0202918 secs]
   [Parallel Time: 18.0 ms, GC Workers: 8]
      [GC Worker Start (ms): Min: 983.6, Avg: 983.7, Max: 983.8, Diff: 0.2]
      [Ext Root Scanning (ms): Min: 0.0, Avg: 0.1, Max: 0.2, Diff: 0.2, Sum: 0.7]
      [Update RS (ms): Min: 0.2, Avg: 0.3, Max: 0.5, Diff: 0.4, Sum: 2.1]
         [Processed Buffers: Min: 0, Avg: 3.4, Max: 4, Diff: 4, Sum: 27]
      [Scan RS (ms): Min: 0.0, Avg: 0.0, Max: 0.1, Diff: 0.0, Sum: 0.3]
      [Code Root Scanning (ms): Min: 0.0, Avg: 0.0, Max: 0.0, Diff: 0.0, Sum: 0.0]
      [Object Copy (ms): Min: 17.0, Avg: 17.3, Max: 17.4, Diff: 0.4, Sum: 138.2]
      [Termination (ms): Min: 0.0, Avg: 0.1, Max: 0.2, Diff: 0.2, Sum: 0.7]
         [Termination Attempts: Min: 1, Avg: 1.9, Max: 3, Diff: 2, Sum: 15]
      [GC Worker Other (ms): Min: 0.0, Avg: 0.0, Max: 0.1, Diff: 0.0, Sum: 0.2]
      [GC Worker Total (ms): Min: 17.7, Avg: 17.8, Max: 17.9, Diff: 0.2, Sum: 142.2]
      [GC Worker End (ms): Min: 1001.5, Avg: 1001.5, Max: 1001.5, Diff: 0.0]
   [Code Root Fixup: 0.0 ms]
   [Code Root Purge: 0.0 ms]
   [Clear CT: 0.2 ms]
   [Other: 2.1 ms]
      [Choose CSet: 0.0 ms]
      [Ref Proc: 0.1 ms]
      [Ref Enq: 0.0 ms]
      [Redirty Cards: 0.8 ms]
      [Humongous Register: 0.1 ms]
      [Humongous Reclaim: 0.4 ms]
      [Free CSet: 0.3 ms]
   [Eden: 460.0M(464.0M)->0.0B(351.0M) Survivors: 59.0M->66.0M Heap: 1304.7M(2048.0M)->797.1M(2048.0M)]
 [Times: user=0.05 sys=0.08, real=0.01 secs] 
2020-10-29T00:27:35.201+0800: 1.004: [GC concurrent-root-region-scan-start]
2020-10-29T00:27:35.201+0800: 1.004: [GC concurrent-root-region-scan-end, 0.0003033 secs]
2020-10-29T00:27:35.201+0800: 1.004: [GC concurrent-mark-start]
2020-10-29T00:27:35.201+0800: 1.009: [GC concurrent-mark-end, 0.0047312 secs]
2020-10-29T00:27:35.201+0800: 1.009: [GC remark 2020-10-29T00:27:35.201+0800: 1.009: [Finalize Marking, 0.0002745 secs] 2020-10-29T00:27:35.201+0800: 1.009: [GC ref-proc, 0.0003082 secs] 2020-10-29T00:27:35.201+0800: 1.010: [Unloading, 0.0007032 secs], 0.0024892 secs]
 [Times: user=0.00 sys=0.00, real=0.00 secs] 
2020-10-29T00:27:35.201+0800: 1.012: [GC cleanup 835M->645M(2048M), 0.0013929 secs]
 [Times: user=0.00 sys=0.00, real=0.00 secs] 
2020-10-29T00:27:35.201+0800: 1.013: [GC concurrent-cleanup-start]
2020-10-29T00:27:35.201+0800: 1.013: [GC concurrent-cleanup-end, 0.0001139 secs]
2020-10-29T00:27:35.248+0800: 1.057: [GC pause (G1 Evacuation Pause) (young), 0.0150732 secs]
   [Parallel Time: 13.0 ms, GC Workers: 8]
      [GC Worker Start (ms): Min: 1057.7, Avg: 1057.8, Max: 1057.8, Diff: 0.2]
      [Ext Root Scanning (ms): Min: 0.0, Avg: 0.1, Max: 0.2, Diff: 0.2, Sum: 0.6]
      [Update RS (ms): Min: 0.2, Avg: 0.3, Max: 1.0, Diff: 0.8, Sum: 2.5]
         [Processed Buffers: Min: 0, Avg: 3.0, Max: 4, Diff: 4, Sum: 24]
      [Scan RS (ms): Min: 0.0, Avg: 0.0, Max: 0.1, Diff: 0.1, Sum: 0.4]
      [Code Root Scanning (ms): Min: 0.0, Avg: 0.0, Max: 0.0, Diff: 0.0, Sum: 0.0]
      [Object Copy (ms): Min: 11.5, Avg: 12.2, Max: 12.3, Diff: 0.8, Sum: 97.5]
      [Termination (ms): Min: 0.0, Avg: 0.1, Max: 0.1, Diff: 0.1, Sum: 0.6]
         [Termination Attempts: Min: 1, Avg: 1.0, Max: 1, Diff: 0, Sum: 8]
      [GC Worker Other (ms): Min: 0.0, Avg: 0.0, Max: 0.0, Diff: 0.0, Sum: 0.2]
      [GC Worker Total (ms): Min: 12.7, Avg: 12.7, Max: 12.8, Diff: 0.2, Sum: 101.7]
      [GC Worker End (ms): Min: 1070.5, Avg: 1070.5, Max: 1070.5, Diff: 0.0]
   [Code Root Fixup: 0.0 ms]
   [Code Root Purge: 0.0 ms]
   [Clear CT: 0.4 ms]
   [Other: 1.7 ms]
      [Choose CSet: 0.0 ms]
      [Ref Proc: 0.5 ms]
      [Ref Enq: 0.0 ms]
      [Redirty Cards: 0.6 ms]
      [Humongous Register: 0.1 ms]
      [Humongous Reclaim: 0.1 ms]
      [Free CSet: 0.2 ms]
   [Eden: 351.0M(351.0M)->0.0B(49.0M) Survivors: 66.0M->53.0M Heap: 1047.1M(2048.0M)->689.8M(2048.0M)]
 [Times: user=0.11 sys=0.00, real=0.02 secs] 
2020-10-29T00:27:35.280+0800: 1.079: [GC pause (G1 Evacuation Pause) (mixed), 0.0096228 secs]
   [Parallel Time: 7.5 ms, GC Workers: 8]
      [GC Worker Start (ms): Min: 1079.1, Avg: 1079.2, Max: 1079.2, Diff: 0.1]
      [Ext Root Scanning (ms): Min: 0.0, Avg: 0.1, Max: 0.2, Diff: 0.1, Sum: 0.7]
      [Update RS (ms): Min: 0.3, Avg: 0.3, Max: 0.4, Diff: 0.2, Sum: 2.4]
         [Processed Buffers: Min: 0, Avg: 4.3, Max: 5, Diff: 5, Sum: 34]
      [Scan RS (ms): Min: 0.0, Avg: 0.1, Max: 0.1, Diff: 0.1, Sum: 0.5]
      [Code Root Scanning (ms): Min: 0.0, Avg: 0.0, Max: 0.0, Diff: 0.0, Sum: 0.0]
      [Object Copy (ms): Min: 6.7, Avg: 6.8, Max: 6.9, Diff: 0.2, Sum: 54.1]
      [Termination (ms): Min: 0.0, Avg: 0.1, Max: 0.1, Diff: 0.1, Sum: 0.9]
         [Termination Attempts: Min: 1, Avg: 1.0, Max: 1, Diff: 0, Sum: 8]
      [GC Worker Other (ms): Min: 0.0, Avg: 0.0, Max: 0.0, Diff: 0.0, Sum: 0.1]
      [GC Worker Total (ms): Min: 7.3, Avg: 7.3, Max: 7.4, Diff: 0.1, Sum: 58.7]
      [GC Worker End (ms): Min: 1086.5, Avg: 1086.5, Max: 1086.5, Diff: 0.0]
   [Code Root Fixup: 0.0 ms]
   [Code Root Purge: 0.0 ms]
   [Clear CT: 0.5 ms]
   [Other: 1.6 ms]
      [Choose CSet: 0.1 ms]
      [Ref Proc: 0.5 ms]
      [Ref Enq: 0.0 ms]
      [Redirty Cards: 0.5 ms]
      [Humongous Register: 0.1 ms]
      [Humongous Reclaim: 0.1 ms]
      [Free CSet: 0.2 ms]
   [Eden: 49.0M(49.0M)->0.0B(1099.0M) Survivors: 53.0M->13.0M Heap: 745.9M(2048.0M)->552.9M(2048.0M)]
 [Times: user=0.00 sys=0.00, real=0.00 secs] 
Heap
 garbage-first heap   total 2097152K, used 1042636K [0x0000000080000000, 0x0000000080104000, 0x0000000100000000)
  region size 1024K, 386 young (395264K), 13 survivors (13312K)
 Metaspace       used 2714K, capacity 4486K, committed 4864K, reserved 1056768K
  class space    used 291K, capacity 386K, committed 512K, reserved 1048576K
