PS C:\Users\d\temp> java -XX:+UseConcMarkSweepGC -Xms4g -Xmx4g -Xloggc:gc.demo2g.log -XX:+PrintGCDetails -XX:+PrintGCDateStamps GCLogAnalysis
正在执行...
执行结束!共生成对象次数:14499




Java HotSpot(TM) 64-Bit Server VM (25.261-b12) for windows-amd64 JRE (1.8.0_261-b12), built on Jun 18 2020 06:56:32 by "" with unknown MS VC++:1916
Memory: 4k page, physical 16733532k(11943196k free), swap 23549276k(14718736k free)
CommandLine flags: -XX:InitialHeapSize=4294967296 -XX:MaxHeapSize=4294967296 -XX:MaxNewSize=697933824 -XX:MaxTenuringThreshold=6 -XX:NewSize=697933824 -XX:OldPLABSize=16 -XX:OldSize=1395867648 -XX:+PrintGC -XX:+PrintGCDateStamps -XX:+PrintGCDetails -XX:+PrintGCTimeStamps -XX:+UseCompressedClassPointers -XX:+UseCompressedOops -XX:+UseConcMarkSweepGC -XX:-UseLargePagesIndividualAllocation -XX:+UseParNewGC 
2020-10-29T00:48:52.187+0800: 0.377: [GC (Allocation Failure) 2020-10-29T00:48:52.187+0800: 0.377: [ParNew: 545344K->68095K(613440K), 0.0260401 secs] 545344K->148355K(4126208K), 0.0262118 secs] [Times: user=0.13 sys=0.13, real=0.03 secs] 
2020-10-29T00:48:52.281+0800: 0.466: [GC (Allocation Failure) 2020-10-29T00:48:52.281+0800: 0.466: [ParNew: 613439K->68096K(613440K), 0.0330150 secs] 693699K->269065K(4126208K), 0.0330859 secs] [Times: user=0.11 sys=0.14, real=0.03 secs] 
2020-10-29T00:48:52.374+0800: 0.556: [GC (Allocation Failure) 2020-10-29T00:48:52.374+0800: 0.556: [ParNew: 613440K->68096K(613440K), 0.0682470 secs] 814409K->384516K(4126208K), 0.0683166 secs] [Times: user=0.42 sys=0.06, real=0.06 secs] 
2020-10-29T00:48:52.499+0800: 0.682: [GC (Allocation Failure) 2020-10-29T00:48:52.499+0800: 0.682: [ParNew: 613440K->68094K(613440K), 0.0659907 secs] 929860K->497614K(4126208K), 0.0660635 secs] [Times: user=0.45 sys=0.05, real=0.06 secs] 
2020-10-29T00:48:52.624+0800: 0.808: [GC (Allocation Failure) 2020-10-29T00:48:52.624+0800: 0.808: [ParNew: 613438K->68096K(613440K), 0.0651397 secs] 1042958K->610013K(4126208K), 0.0652062 secs] [Times: user=0.44 sys=0.06, real=0.07 secs] 
2020-10-29T00:48:52.752+0800: 0.934: [GC (Allocation Failure) 2020-10-29T00:48:52.752+0800: 0.934: [ParNew: 613440K->68096K(613440K), 0.0689571 secs] 1155357K->728407K(4126208K), 0.0690266 secs] [Times: user=0.42 sys=0.08, real=0.06 secs] 
2020-10-29T00:48:52.875+0800: 1.064: [GC (Allocation Failure) 2020-10-29T00:48:52.875+0800: 1.064: [ParNew: 613440K->68094K(613440K), 0.0790000 secs] 1273751K->859309K(4126208K), 0.0790705 secs] [Times: user=0.42 sys=0.05, real=0.08 secs] 
Heap
 par new generation   total 613440K, used 90139K [0x00000006c0000000, 0x00000006e9990000, 0x00000006e9990000)
  eden space 545344K,   4% used [0x00000006c0000000, 0x00000006c1587178, 0x00000006e1490000)
  from space 68096K,  99% used [0x00000006e5710000, 0x00000006e998fbf0, 0x00000006e9990000)
  to   space 68096K,   0% used [0x00000006e1490000, 0x00000006e1490000, 0x00000006e5710000)
 concurrent mark-sweep generation total 3512768K, used 791214K [0x00000006e9990000, 0x00000007c0000000, 0x00000007c0000000)
 Metaspace       used 2714K, capacity 4486K, committed 4864K, reserved 1056768K
  class space    used 291K, capacity 386K, committed 512K, reserved 1048576K
