
PS C:\Users\d\temp> java -XX:+UseSerialGC -Xms512m -Xmx512m -XX:+PrintGCDetails -XX:+PrintGCDateStamps GCLogAnalysis
正在执行...
2020-10-28T22:07:58.186+0800: [GC (Allocation Failure) 2020-10-28T22:07:58.187+0800: [DefNew: 139767K->17472K(157248K), 0.0267127 secs] 139767K->46107K(506816K), 0.0275113 secs] [Times: user=0.01 sys=0.01, real=0.03 secs]
2020-10-28T22:07:58.235+0800: [GC (Allocation Failure) 2020-10-28T22:07:58.235+0800: [DefNew: 156842K->17470K(157248K), 0.0339247 secs] 185478K->91290K(506816K), 0.0344402 secs] [Times: user=0.02 sys=0.02, real=0.04 secs]
2020-10-28T22:07:58.287+0800: [GC (Allocation Failure) 2020-10-28T22:07:58.288+0800: [DefNew: 157246K->17470K(157248K), 0.0263114 secs] 231066K->135898K(506816K), 0.0269397 secs] [Times: user=0.02 sys=0.02, real=0.03 secs]
2020-10-28T22:07:58.331+0800: [GC (Allocation Failure) 2020-10-28T22:07:58.331+0800: [DefNew: 157246K->17470K(157248K), 0.0272783 secs] 275674K->181152K(506816K), 0.0279526 secs] [Times: user=0.03 sys=0.00, real=0.03 secs]
2020-10-28T22:07:58.376+0800: [GC (Allocation Failure) 2020-10-28T22:07:58.376+0800: [DefNew: 157051K->17470K(157248K), 0.0242742 secs] 320733K->221601K(506816K), 0.0250199 secs] [Times: user=0.00 sys=0.02, real=0.03 secs]
2020-10-28T22:07:58.418+0800: [GC (Allocation Failure) 2020-10-28T22:07:58.419+0800: [DefNew: 157044K->17471K(157248K), 0.0273022 secs] 361175K->269209K(506816K), 0.0279620 secs] [Times: user=0.02 sys=0.00, real=0.03 secs]
2020-10-28T22:07:58.463+0800: [GC (Allocation Failure) 2020-10-28T22:07:58.464+0800: [DefNew: 157247K->17471K(157248K), 0.0283459 secs] 408985K->316961K(506816K), 0.0290631 secs] [Times: user=0.02 sys=0.02, real=0.03 secs]
2020-10-28T22:07:58.510+0800: [GC (Allocation Failure) 2020-10-28T22:07:58.510+0800: [DefNew: 157247K->157247K(157248K), 0.0006879 secs]2020-10-28T22:07:58.511+0800: [Tenured: 299489K->260328K(349568K), 0.0333176 secs] 456737K->260328K(506816K), [Metaspace: 2707K->2707K(1056768K)], 0.0353064 secs] [Times: user=0.05 sys=0.00, real=0.04 secs]
2020-10-28T22:07:58.561+0800: [GC (Allocation Failure) 2020-10-28T22:07:58.562+0800: [DefNew: 139692K->17471K(157248K), 0.0075663 secs] 400020K->312896K(506816K), 0.0083238 secs] [Times: user=0.00 sys=0.00, real=0.01 secs]
2020-10-28T22:07:58.585+0800: [GC (Allocation Failure) 2020-10-28T22:07:58.585+0800: [DefNew: 157247K->17471K(157248K), 0.0263759 secs] 452672K->362277K(506816K), 0.0271159 secs] [Times: user=0.03 sys=0.00, real=0.03 secs]
2020-10-28T22:07:58.630+0800: [GC (Allocation Failure) 2020-10-28T22:07:58.630+0800: [DefNew: 157247K->157247K(157248K), 0.0002955 secs]2020-10-28T22:07:58.631+0800: [Tenured: 344805K->319542K(349568K), 0.0397813 secs] 502053K->319542K(506816K), [Metaspace: 2707K->2707K(1056768K)], 0.0409215 secs] [Times: user=0.05 sys=0.00, real=0.04 secs]
2020-10-28T22:07:58.688+0800: [GC (Allocation Failure) 2020-10-28T22:07:58.688+0800: [DefNew: 139776K->139776K(157248K), 0.0005076 secs]2020-10-28T22:07:58.689+0800: [Tenured: 319542K->329106K(349568K), 0.0395985 secs] 459318K->329106K(506816K), [Metaspace: 2707K->2707K(1056768K)], 0.0412203 secs] [Times: user=0.03 sys=0.00, real=0.04 secs]
2020-10-28T22:07:58.746+0800: [GC (Allocation Failure) 2020-10-28T22:07:58.746+0800: [DefNew: 139776K->139776K(157248K), 0.0006599 secs]2020-10-28T22:07:58.747+0800: [Tenured: 329106K->313387K(349568K), 0.0418879 secs] 468882K->313387K(506816K), [Metaspace: 2707K->2707K(1056768K)], 0.0437500 secs] [Times: user=0.03 sys=0.00, real=0.04 secs]
2020-10-28T22:07:58.807+0800: [GC (Allocation Failure) 2020-10-28T22:07:58.808+0800: [DefNew: 139776K->139776K(157248K), 0.0006753 secs]2020-10-28T22:07:58.809+0800: [Tenured: 313387K->333127K(349568K), 0.0306853 secs] 453163K->333127K(506816K), [Metaspace: 2707K->2707K(1056768K)], 0.0324673 secs] [Times: user=0.02 sys=0.01, real=0.03 secs]
2020-10-28T22:07:58.856+0800: [GC (Allocation Failure) 2020-10-28T22:07:58.856+0800: [DefNew: 139407K->139407K(157248K), 0.0006049 secs]2020-10-28T22:07:58.857+0800: [Tenured: 333127K->342195K(349568K), 0.0359107 secs] 472535K->342195K(506816K), [Metaspace: 2707K->2707K(1056768K)], 0.0373183 secs] [Times: user=0.03 sys=0.00, real=0.04 secs]
2020-10-28T22:07:58.912+0800: [GC (Allocation Failure) 2020-10-28T22:07:58.912+0800: [DefNew: 139776K->139776K(157248K), 0.0002108 secs]2020-10-28T22:07:58.913+0800: [Tenured: 342195K->349130K(349568K), 0.0448345 secs] 481971K->349130K(506816K), [Metaspace: 2707K->2707K(1056768K)], 0.0461710 secs] [Times: user=0.05 sys=0.00, real=0.05 secs]
2020-10-28T22:07:58.974+0800: [GC (Allocation Failure) 2020-10-28T22:07:58.975+0800: [DefNew: 139776K->139776K(157248K), 0.0005954 secs]2020-10-28T22:07:58.976+0800: [Tenured: 349130K->338468K(349568K), 0.0495260 secs] 488906K->338468K(506816K), [Metaspace: 2707K->2707K(1056768K)], 0.0511449 secs] [Times: user=0.05 sys=0.00, real=0.05 secs]
2020-10-28T22:07:59.042+0800: [GC (Allocation Failure) 2020-10-28T22:07:59.043+0800: [DefNew: 139776K->139776K(157248K), 0.0005850 secs]2020-10-28T22:07:59.044+0800: [Tenured: 338468K->349035K(349568K), 0.0324770 secs] 478244K->359420K(506816K), [Metaspace: 2707K->2707K(1056768K)], 0.0341118 secs] [Times: user=0.03 sys=0.00, real=0.03 secs]
2020-10-28T22:07:59.094+0800: [Full GC (Allocation Failure) 2020-10-28T22:07:59.094+0800: [Tenured: 349358K->348977K(349568K), 0.0382086 secs] 506334K->360043K(506816K), [Metaspace: 2707K->2707K(1056768K)], 0.0391407 secs] [Times: user=0.03 sys=0.00, real=0.04 secs]
执行结束!共生成对象次数:10102
Heap
 def new generation   total 157248K, used 16947K [0x00000000e0000000, 0x00000000eaaa0000, 0x00000000eaaa0000)
  eden space 139776K,  12% used [0x00000000e0000000, 0x00000000e108cf90, 0x00000000e8880000)
  from space 17472K,   0% used [0x00000000e9990000, 0x00000000e9990000, 0x00000000eaaa0000)
  to   space 17472K,   0% used [0x00000000e8880000, 0x00000000e8880000, 0x00000000e9990000)
 tenured generation   total 349568K, used 348977K [0x00000000eaaa0000, 0x0000000100000000, 0x0000000100000000)
   the space 349568K,  99% used [0x00000000eaaa0000, 0x00000000fff6c560, 0x00000000fff6c600, 0x0000000100000000)
 Metaspace       used 2714K, capacity 4486K, committed 4864K, reserved 1056768K
  class space    used 291K, capacity 386K, committed 512K, reserved 1048576K
  
  
  
  
  
  
  
PS C:\Users\d\temp>
PS C:\Users\d\temp>
PS C:\Users\d\temp>
PS C:\Users\d\temp>
PS C:\Users\d\temp>
PS C:\Users\d\temp>
PS C:\Users\d\temp>
PS C:\Users\d\temp> java -XX:+UseSerialGC -Xms2048m -Xmx2048m -XX:+PrintGCDetails -XX:+PrintGCDateStamps GCLogAnalysis
正在执行...
2020-10-28T21:57:44.683+0800: [GC (Allocation Failure) 2020-10-28T21:57:44.684+0800: [DefNew: 559232K->69888K(629120K), 0.0771664 secs] 559232K->151565K(2027264K), 0.0780165 secs] [Times: user=0.05 sys=0.03, real=0.08 secs]
2020-10-28T21:57:44.833+0800: [GC (Allocation Failure) 2020-10-28T21:57:44.833+0800: [DefNew: 629120K->69887K(629120K), 0.1069627 secs] 710797K->283946K(2027264K), 0.1077265 secs] [Times: user=0.06 sys=0.05, real=0.11 secs]
2020-10-28T21:57:45.011+0800: [GC (Allocation Failure) 2020-10-28T21:57:45.011+0800: [DefNew: 629119K->69887K(629120K), 0.0721135 secs] 843178K->402311K(2027264K), 0.0727688 secs] [Times: user=0.03 sys=0.03, real=0.07 secs]
2020-10-28T21:57:45.148+0800: [GC (Allocation Failure) 2020-10-28T21:57:45.148+0800: [DefNew: 629119K->69887K(629120K), 0.0695857 secs] 961543K->520301K(2027264K), 0.0704155 secs] [Times: user=0.03 sys=0.05, real=0.07 secs]
2020-10-28T21:57:45.282+0800: [GC (Allocation Failure) 2020-10-28T21:57:45.283+0800: [DefNew: 629119K->69887K(629120K), 0.0742020 secs] 1079533K->650935K(2027264K), 0.0751662 secs] [Times: user=0.01 sys=0.06, real=0.08 secs]
执行结束!共生成对象次数:12218
Heap
 def new generation   total 629120K, used 510454K [0x0000000080000000, 0x00000000aaaa0000, 0x00000000aaaa0000)
  eden space 559232K,  78% used [0x0000000080000000, 0x000000009ae3d978, 0x00000000a2220000)
  from space 69888K,  99% used [0x00000000a6660000, 0x00000000aaa9fed0, 0x00000000aaaa0000)
  to   space 69888K,   0% used [0x00000000a2220000, 0x00000000a2220000, 0x00000000a6660000)
 tenured generation   total 1398144K, used 581048K [0x00000000aaaa0000, 0x0000000100000000, 0x0000000100000000)
   the space 1398144K,  41% used [0x00000000aaaa0000, 0x00000000ce20e0c0, 0x00000000ce20e200, 0x0000000100000000)
 Metaspace       used 2714K, capacity 4486K, committed 4864K, reserved 1056768K
  class space    used 291K, capacity 386K, committed 512K, reserved 1048576K
PS C:\Users\d\temp>